// Vitest Snapshot v1, https://vitest.dev/guide/snapshot.html

exports[`ProjectSummary > renders correctly 1`] = `
"<div data-v-6057c22f="" class="flex flex-col gap-5">
  <div data-v-6057c22f="" class="flex items-center gap-3"><span data-v-6057c22f="" class="font-display px-2 text-[12px] font-black tracking-[0.08em] py-[3px] text-bg bg-lime">LIVE</span><span data-v-6057c22f="" class="text-fg-dim text-[11px] tracking-[0.2em] uppercase">01 — agent workflow</span></div>
  <h3 data-v-6057c22f="" class="font-display m-0 font-black tracking-[-0.03em] text-[#f2f2f4]" style="line-height: 0.92;">grimicorn<span data-v-6057c22f="" class="text-lime animate-flicker" style="text-shadow: 0 0 18px rgba(184, 255, 46, 0.6);">.dev</span></h3>
  <p data-v-6057c22f="" class="m-0 max-w-[460px] text-[15px] leading-[1.75] text-[#a8a8b3]">The chaotic coding sidekick behind everything else on this page. An automated agent workflow that builds, breaks, and ships the other Neon Pixels projects while I'm asleep.</p><a data-v-6057c22f="" href="https://grimicorn.dev" target="_blank" rel="noopener noreferrer" class="cta-fill text-bg self-start px-5 py-3 text-[13px] font-bold bg-lime" style="--accent: #b8ff2e; box-shadow: 0 0 26px rgba(184, 255, 46, 0.35); --accent-glow: rgba(184, 255, 46, 0.6);">visit grimicorn.dev →</a>
</div>"
`;
